// Jest Snapshot v1, https://goo.gl/fbAQLP

exports[`Input should match snapshot 1`] = `
<ForwardRef(Input)
  placeholder="Input"
/>
`;
