// Jest Snapshot v1, https://goo.gl/fbAQLP

exports[`Button should match snapshot 1`] = `
<Button>
  Snapshot
</Button>
`;

exports[`Button should match snapshot 2`] = `
<Button
  loading={true}
/>
`;
